
> react-kavia@0.1.0 start
> cross-env EDIT_MODE=true webpack serve --config .ve/webpack.config.js --mode development

<i> [webpack-dev-server] Project is running at:
<i> [webpack-dev-server] Loopback: http://localhost:3000/, http://[::1]:3000/
<i> [webpack-dev-server] On Your Network (IPv4): http://172.17.0.2:3000/
<i> [webpack-dev-server] Content not from webpack is served from './public' directory
Injecting EditorRootWrapper import: ../.ve/EditorRootWrapper
asset bundle.js 1.44 MiB [emitted] (name: main)
asset index.html 1.98 KiB [emitted]
runtime modules 27.5 KiB 14 modules
modules by path ./node_modules/ 1.24 MiB 31 modules
modules by path ./src/ 50.1 KiB
  modules by path ./src/*.css 7.49 KiB 4 modules
  modules by path ./src/*.js 42.6 KiB
    ./src/index.js 530 bytes [built] [code generated]
    ./src/App.js 42.1 KiB [built] [code generated]
modules by path ./.ve/ 15.1 KiB
  modules by path ./.ve/*.js 10.6 KiB 2 modules
  modules by path ./.ve/*.css 2.93 KiB
    ./.ve/EditorOverlay.css 2.25 KiB [built] [code generated]
    ./node_modules/css-loader/dist/cjs.js!./.ve/EditorOverlay.css 697 bytes [built] [code generated]
  ./.ve/EditorOverlay.jsx 1.58 KiB [built] [code generated]
webpack 5.99.9 compiled successfully in 1258 ms
Injecting EditorRootWrapper import: ../.ve/EditorRootWrapper
assets by status 1.98 KiB [cached] 1 asset
assets by path *.js 1.44 MiB
  asset bundle.js 1.44 MiB [emitted] (name: main)
  asset main.0adc0e9dec5e41686516.hot-update.js 3.68 KiB [emitted] [immutable] [hmr] (name: main)
asset main.0adc0e9dec5e41686516.hot-update.json 28 bytes [emitted] [immutable] [hmr]
Entrypoint main 1.44 MiB = bundle.js 1.44 MiB main.0adc0e9dec5e41686516.hot-update.js 3.68 KiB
cached modules 1.3 MiB [cached] 41 modules
runtime modules 27.5 KiB 14 modules
./src/index.js 1.1 KiB [built] [code generated]
webpack 5.99.9 compiled successfully in 92 ms
assets by status 1.98 KiB [cached] 1 asset
assets by path *.js 1.49 MiB
  asset bundle.js 1.44 MiB [emitted] (name: main)
  asset main.e0d6af3b51145c356d63.hot-update.js 54.8 KiB [emitted] [immutable] [hmr] (name: main)
asset main.e0d6af3b51145c356d63.hot-update.json 28 bytes [emitted] [immutable] [hmr]
Entrypoint main 1.49 MiB = bundle.js 1.44 MiB main.e0d6af3b51145c356d63.hot-update.js 54.8 KiB
cached modules 1.26 MiB [cached] 41 modules
runtime modules 27.5 KiB 14 modules
./src/App.js 42.6 KiB [built] [code generated]
webpack 5.99.9 compiled successfully in 258 ms
Injecting EditorRootWrapper import: ../.ve/EditorRootWrapper
assets by status 1.98 KiB [cached] 1 asset
assets by path *.js 1.44 MiB
  asset bundle.js 1.44 MiB [emitted] (name: main)
  asset main.d79f0bd8101174a66880.hot-update.js 3.04 KiB [emitted] [immutable] [hmr] (name: main)
asset main.d79f0bd8101174a66880.hot-update.json 28 bytes [emitted] [immutable] [hmr]
Entrypoint main 1.44 MiB = bundle.js 1.44 MiB main.d79f0bd8101174a66880.hot-update.js 3.04 KiB
cached modules 1.3 MiB [cached] 41 modules
runtime modules 27.5 KiB 14 modules
./src/index.js 807 bytes [built] [code generated]
webpack 5.99.9 compiled successfully in 51 ms
assets by status 1.98 KiB [cached] 1 asset
assets by path *.js 1.49 MiB
  asset bundle.js 1.44 MiB [emitted] (name: main)
  asset main.20f949e89fd49e4b8319.hot-update.js 55 KiB [emitted] [immutable] [hmr] (name: main)
asset main.20f949e89fd49e4b8319.hot-update.json 28 bytes [emitted] [immutable] [hmr]
Entrypoint main 1.49 MiB = bundle.js 1.44 MiB main.20f949e89fd49e4b8319.hot-update.js 55 KiB
cached modules 1.26 MiB [cached] 41 modules
runtime modules 27.5 KiB 14 modules
./src/App.js 42.8 KiB [built] [code generated]
webpack 5.99.9 compiled successfully in 176 ms
assets by status 1.98 KiB [cached] 1 asset
assets by path *.js 1.5 MiB
  asset bundle.js 1.44 MiB [emitted] (name: main)
  asset main.301b9014f0bc97dba053.hot-update.js 56.6 KiB [emitted] [immutable] [hmr] (name: main)
asset main.301b9014f0bc97dba053.hot-update.json 28 bytes [emitted] [immutable] [hmr]
Entrypoint main 1.5 MiB = bundle.js 1.44 MiB main.301b9014f0bc97dba053.hot-update.js 56.6 KiB
cached modules 1.26 MiB [cached] 41 modules
runtime modules 27.5 KiB 14 modules
./src/App.js 44.4 KiB [built] [code generated]
webpack 5.99.9 compiled successfully in 259 ms
assets by status 1.98 KiB [cached] 1 asset
assets by path *.js 1.5 MiB
  asset bundle.js 1.44 MiB [emitted] (name: main)
  asset main.0afde162c1c66654e563.hot-update.js 57 KiB [emitted] [immutable] [hmr] (name: main)
asset main.0afde162c1c66654e563.hot-update.json 28 bytes [emitted] [immutable] [hmr]
Entrypoint main 1.5 MiB = bundle.js 1.44 MiB main.0afde162c1c66654e563.hot-update.js 57 KiB
cached modules 1.26 MiB [cached] 41 modules
runtime modules 27.5 KiB 14 modules
./src/App.js 44.8 KiB [built] [code generated]
webpack 5.99.9 compiled successfully in 172 ms
